../Core/Src/main.c:121:5:main	208	static
../Core/Src/main.c:220:6:SystemClock_Config	88	static
../Core/Src/main.c:266:13:MX_SPI5_Init	8	static
../Core/Src/main.c:304:13:MX_GPIO_Init	48	static
../Core/Src/main.c:343:6:GYRO_Task	56	static
../Core/Src/main.c:389:6:SCORE_Task	8	static
../Core/Src/main.c:407:6:LCD_Task	8	static
../Core/Src/main.c:429:6:Mode1	8	static
../Core/Src/main.c:449:6:Mode2	8	static
../Core/Src/main.c:469:6:USB_Task	24	static
../Core/Src/main.c:488:6:GameOver	32	static
../Core/Src/main.c:510:6:StartTask01	16	static
../Core/Src/main.c:526:6:StartTask02	16	static
../Core/Src/main.c:542:6:StartTask03	16	static
../Core/Src/main.c:558:6:StartTask04	16	static
../Core/Src/main.c:575:6:StartTask05	16	static
../Core/Src/main.c:591:6:HAL_TIM_PeriodElapsedCallback	16	static
../Core/Src/main.c:608:6:Error_Handler	4	static,ignoring_inline_asm
